[19:27:52] [main/INFO] (FabricLoader/GameProvider) Loading Minecraft 26.1.2 with Fabric Loader 0.19.3
[19:27:52] [main/INFO] (FabricLoader/Mappings) Mappings not present!
[19:27:52] [main/INFO] (FabricLoader) Loading 57 mods:
	- fabric-api 0.155.2+26.1.2
	- fabric-api-base 2.0.3+ece063234c
	- fabric-api-lookup-api-v1 2.0.12+d5a053b64c
	- fabric-biome-api-v1 18.0.5+2fa62b4e4c
	- fabric-block-api-v1 3.0.2+ec56b6014c
	- fabric-block-getter-api-v2 2.0.6+ec56b6014c
	- fabric-client-gametest-api-v1 5.1.0+0a5283664c
	- fabric-command-api-v2 3.0.5+e2bdee784c
	- fabric-content-registries-v0 11.3.0+0082c9664c
	- fabric-convention-tags-v2 4.6.2+4f11f7994c
	- fabric-crash-report-info-v1 1.0.3+9f78a5a84c
	- fabric-creative-tab-api-v1 5.0.11+d871b99e4c
	- fabric-data-attachment-api-v1 2.2.9+44a0bd1d4c
	- fabric-data-generation-api-v1 24.3.3+cda368334c
	- fabric-debug-api-v1 1.0.1+c792624d4c
	- fabric-dimensions-v1 5.1.7+ad343a8d4c
	- fabric-entity-events-v1 5.0.2+e2bdee784c
	- fabric-events-interaction-v0 5.2.2+07b380be4c
	- fabric-game-rule-api-v1 4.0.5+d871b99e4c
	- fabric-gametest-api-v1 4.0.17+867b87624c
	- fabric-item-api-v1 14.3.0+6d1aaa724c
	- fabric-key-mapping-api-v1 2.0.4+e2bdee784c
	- fabric-lifecycle-events-v1 4.1.1+df84eb3d4c
	- fabric-loot-api-v3 3.0.12+00a1fba64c
	- fabric-menu-api-v1 2.0.14+d871b99e4c
	- fabric-message-api-v1 7.0.5+dae8ce3e4c
	- fabric-model-loading-api-v1 8.0.11+c80601bb4c
	- fabric-networking-api-v1 6.3.1+554860db4c
	- fabric-object-builder-api-v1 23.1.0+abb459f14c
	- fabric-particles-v1 5.0.15+b61fef434c
	- fabric-permission-api-v1 1.0.2+7437387b4c
	- fabric-recipe-api-v1 9.0.16+be4b75ae4c
	- fabric-registry-sync-v0 7.1.0+2fa62b4e4c
	- fabric-renderer-api-v1 13.0.8+c80601bb4c
	- fabric-renderer-indigo 8.1.5+1403e82c4c
	- fabric-rendering-fluids-v1 6.0.1+d871b99e4c
	- fabric-rendering-v1 23.3.1+e9207d814c
	- fabric-resource-conditions-api-v1 6.1.0+83dd0ba34c
	- fabric-resource-loader-v0 3.3.17+4fc5413f4c
	- fabric-resource-loader-v1 2.0.10+7c44c7324c
	- fabric-screen-api-v1 5.1.0+981dd9b24c
	- fabric-serialization-api-v1 2.0.3+11a26f314c
	- fabric-sound-api-v1 2.0.4+11a26f314c
	- fabric-tag-api-v1 2.1.1+371cf5db4c
	- fabric-transfer-api-v1 8.0.6+357ea7334c
	- fabric-transitive-access-wideners-v1 8.1.3+3ff549fb4c
	- fabricloader 0.19.3
	- java 25
	- minecraft 26.1.2
	- mixinextras 0.5.4
	- polymer-autohost 0.16.5+26.1.2
	- polymer-common 0.16.5+26.1.2
	- polymer-core 0.16.5+26.1.2
	- polymer-networking 0.16.5+26.1.2
	- polymer-registry-sync-manipulator 0.16.5+26.1.2
	- polymer-resource-pack 0.16.5+26.1.2
	- tougherthannails 1.0.0
[19:27:52] [main/INFO] (FabricLoader/Mixin) SpongePowered MIXIN Subsystem Version=0.8.7 Source=file:/home/keegan/.gradle/caches/modules-2/files-2.1/net.fabricmc/sponge-mixin/0.17.3+mixin.0.8.7/41c4a3984a80f4679e759fb9f495587acc5cdac7/sponge-mixin-0.17.3+mixin.0.8.7.jar Service=Knot/Fabric Env=CLIENT
[19:27:52] [main/INFO] (FabricLoader/Mixin) Compatibility level set to JAVA_25
[19:27:53] [main/INFO] (FabricLoader/MixinExtras|Service) Initializing MixinExtras via com.llamalad7.mixinextras.service.MixinExtrasServiceImpl(version=0.5.4).
[19:27:56] [Datafixer Bootstrap/INFO] (Minecraft) 291 Datafixer optimizations took 741 milliseconds
[19:28:03] [Render thread/INFO] (Minecraft) Environment: Environment[sessionHost=https://sessionserver.mojang.com, servicesHost=https://api.minecraftservices.com, profilesHost=https://api.mojang.com, name=PROD]
[19:28:03] [Render thread/INFO] (Minecraft) Setting user: Player876
[19:28:04] [Render thread/INFO] (Indigo) [Indigo] Registering Indigo renderer!
[19:28:04] [Download-2/ERROR] (Minecraft) Failed to fetch user properties
com.mojang.authlib.exceptions.InvalidCredentialsException: Status: 401
	at knot//com.mojang.authlib.exceptions.MinecraftClientHttpException.toAuthenticationException(MinecraftClientHttpException.java:59)
	at knot//com.mojang.authlib.yggdrasil.YggdrasilUserApiService.fetchProperties(YggdrasilUserApiService.java:150)
	at knot//net.minecraft.client.Minecraft.lambda$new$1(Minecraft.java:435)
	at java.base/java.util.concurrent.CompletableFuture$AsyncSupply.run(CompletableFuture.java:1789)
	at java.base/java.util.concurrent.ThreadPoolExecutor.runWorker(ThreadPoolExecutor.java:1090)
	at java.base/java.util.concurrent.ThreadPoolExecutor$Worker.run(ThreadPoolExecutor.java:614)
	at java.base/java.lang.Thread.run(Thread.java:1474)
Caused by: com.mojang.authlib.exceptions.MinecraftClientHttpException: Status: 401
	at knot//com.mojang.authlib.minecraft.client.MinecraftClient.readInputStream(MinecraftClient.java:103)
	at knot//com.mojang.authlib.minecraft.client.MinecraftClient.get(MinecraftClient.java:56)
	at knot//com.mojang.authlib.yggdrasil.YggdrasilUserApiService.fetchProperties(YggdrasilUserApiService.java:121)
	... 5 more
[19:28:04] [Render thread/INFO] (Minecraft) Backend library: LWJGL version 3.4.1-snapshot
[19:28:19] [Render thread/INFO] (Minecraft) Using optional rendering extensions: GL_ARB_buffer_storage, GL_KHR_debug, GL_ARB_vertex_attrib_binding, GL_ARB_direct_state_access, GL_EXT_texture_filter_anisotropic
[19:28:20] [Download-2/INFO] (Minecraft) Could not authorize you against Realms server: java.lang.RuntimeException: Failed to parse into SignedJWT: FabricMC
[19:28:20] [Download-2/ERROR] (Minecraft) Failed to fetch Realms feature flags
com.mojang.realmsclient.exception.RealmsServiceException: Realms authentication error with message 'java.lang.RuntimeException: Failed to parse into SignedJWT: FabricMC'
	at knot//com.mojang.realmsclient.client.RealmsClient.execute(RealmsClient.java:509)
	at knot//com.mojang.realmsclient.client.RealmsClient.fetchFeatureFlags(RealmsClient.java:160)
	at java.base/java.util.concurrent.CompletableFuture$AsyncSupply.run(CompletableFuture.java:1789)
	at java.base/java.util.concurrent.ThreadPoolExecutor.runWorker(ThreadPoolExecutor.java:1090)
	at java.base/java.util.concurrent.ThreadPoolExecutor$Worker.run(ThreadPoolExecutor.java:614)
	at java.base/java.lang.Thread.run(Thread.java:1474)
[19:28:20] [Render thread/WARN] (Minecraft) Missing translation key for rename: item.minecraft.dune_armor_trim_smithing_template.new
[19:28:20] [Render thread/WARN] (Minecraft) Missing translation key for rename: item.minecraft.eye_armor_trim_smithing_template.new
[19:28:20] [Render thread/WARN] (Minecraft) Missing translation key for rename: item.minecraft.flow_armor_trim_smithing_template.new
[19:28:20] [Render thread/WARN] (Minecraft) Missing translation key for rename: item.minecraft.bolt_armor_trim_smithing_template.new
[19:28:20] [Render thread/WARN] (Minecraft) Missing translation key for rename: item.minecraft.host_armor_trim_smithing_template.new
[19:28:20] [Render thread/WARN] (Minecraft) Missing translation key for rename: item.minecraft.netherite_upgrade_smithing_template.new
[19:28:20] [Render thread/WARN] (Minecraft) Missing translation key for rename: item.minecraft.raiser_armor_trim_smithing_template.new
[19:28:20] [Render thread/WARN] (Minecraft) Missing translation key for rename: item.minecraft.rib_armor_trim_smithing_template.new
[19:28:20] [Render thread/WARN] (Minecraft) Missing translation key for rename: item.minecraft.sentry_armor_trim_smithing_template.new
[19:28:20] [Render thread/WARN] (Minecraft) Missing translation key for rename: item.minecraft.shaper_armor_trim_smithing_template.new
[19:28:20] [Render thread/WARN] (Minecraft) Missing translation key for rename: item.minecraft.silence_armor_trim_smithing_template.new
[19:28:20] [Render thread/WARN] (Minecraft) Missing translation key for rename: item.minecraft.snout_armor_trim_smithing_template.new
[19:28:20] [Render thread/WARN] (Minecraft) Missing translation key for rename: item.minecraft.spire_armor_trim_smithing_template.new
[19:28:20] [Render thread/WARN] (Minecraft) Missing translation key for rename: item.minecraft.tide_armor_trim_smithing_template.new
[19:28:20] [Render thread/WARN] (Minecraft) Missing translation key for rename: item.minecraft.vex_armor_trim_smithing_template.new
[19:28:20] [Render thread/WARN] (Minecraft) Missing translation key for rename: item.minecraft.ward_armor_trim_smithing_template.new
[19:28:20] [Render thread/WARN] (Minecraft) Missing translation key for rename: item.minecraft.wayfinder_armor_trim_smithing_template.new
[19:28:20] [Render thread/WARN] (Minecraft) Missing translation key for rename: item.minecraft.wild_armor_trim_smithing_template.new
[19:28:20] [Render thread/WARN] (Minecraft) Missing translation key for rename: item.minecraft.coast_armor_trim_smithing_template.new
[19:28:20] [Render thread/WARN] (Minecraft) Missing translation key for rename: item.minecraft.creeper_banner_pattern.new
[19:28:20] [Render thread/WARN] (Minecraft) Missing translation key for rename: item.minecraft.flow_banner_pattern.new
[19:28:20] [Render thread/WARN] (Minecraft) Missing translation key for rename: item.minecraft.flower_banner_pattern.new
[19:28:20] [Render thread/WARN] (Minecraft) Missing translation key for rename: item.minecraft.globe_banner_pattern.new
[19:28:20] [Render thread/WARN] (Minecraft) Missing translation key for rename: item.minecraft.guster_banner_pattern.new
[19:28:20] [Render thread/WARN] (Minecraft) Missing translation key for rename: item.minecraft.mojang_banner_pattern.new
[19:28:20] [Render thread/WARN] (Minecraft) Missing translation key for rename: item.minecraft.piglin_banner_pattern.new
[19:28:20] [Render thread/WARN] (Minecraft) Missing translation key for rename: item.minecraft.skull_banner_pattern.new
[19:28:20] [Render thread/WARN] (Minecraft) Missing translation key for rename: lanServer.port.unavailable.new
[19:28:20] [Render thread/WARN] (Minecraft) Missing translation key for rename: lanServer.port.invalid.new
[19:28:20] [Render thread/WARN] (Minecraft) Missing translation key for rename: multiplayer.disconnect.invalid_public_key_signature.new
[19:28:20] [Render thread/WARN] (Minecraft) Missing translation key for rename: selectWorld.allowCommands.new
[19:28:20] [Render thread/WARN] (Minecraft) Missing translation key for rename: gui.abuseReport.reason.generic
[19:28:20] [Render thread/WARN] (Minecraft) Missing translation key for rename: gui.abuseReport.reason.generic.description
[19:28:20] [Render thread/WARN] (Minecraft) Missing translation key for rename: item.op_block_warning.line1
[19:28:20] [Render thread/WARN] (Minecraft) Missing translation key for rename: item.op_block_warning.line2
[19:28:20] [Render thread/WARN] (Minecraft) Missing translation key for rename: item.op_block_warning.line3
[19:28:20] [Render thread/WARN] (Minecraft) Missing translation key for rename: container.shulkerBox.unknownContents
[19:28:20] [Render thread/WARN] (Minecraft) Missing translation key for rename: container.shulkerBox.itemCount
[19:28:20] [Render thread/WARN] (Minecraft) Missing translation key for rename: advancements.nether.use_lodestone.description
[19:28:20] [Render thread/WARN] (Minecraft) Missing translation key for rename: advancements.nether.use_lodestone.title
[19:28:20] [Render thread/WARN] (Minecraft) Missing translation key for rename: subtitles.block.sand.wind
[19:28:20] [Render thread/WARN] (Minecraft) Missing translation key for rename: snbt.parser.undescore_not_allowed
[19:28:20] [Render thread/WARN] (Minecraft) Missing translation key for rename: commands.setworldspawn.success.new
[19:28:20] [Render thread/WARN] (Minecraft) Missing translation key for rename: commands.spawnpoint.success.multiple.new
[19:28:20] [Render thread/WARN] (Minecraft) Missing translation key for rename: commands.spawnpoint.success.single.new
[19:28:20] [Render thread/WARN] (Minecraft) Missing translation key for rename: debug.crash.message.rebindable
[19:28:20] [Render thread/WARN] (Minecraft) Missing translation key for rename: debug.profiling.start.rebindable
[19:28:20] [Render thread/WARN] (Minecraft) Missing translation key for rename: subtitles.item.underwater_saddle.equip
[19:28:20] [Render thread/WARN] (Minecraft) Missing translation key for rename: gamerule.mobGriefing
[19:28:20] [Render thread/WARN] (Minecraft) Missing translation key for rename: gamerule.keepInventory
[19:28:20] [Render thread/WARN] (Minecraft) Missing translation key for rename: gamerule.doMobSpawning
[19:28:20] [Render thread/WARN] (Minecraft) Missing translation key for rename: gamerule.doMobLoot
[19:28:20] [Render thread/WARN] (Minecraft) Missing translation key for rename: gamerule.projectilesCanBreakBlocks
[19:28:20] [Render thread/WARN] (Minecraft) Missing translation key for rename: gamerule.doTileDrops
[19:28:20] [Render thread/WARN] (Minecraft) Missing translation key for rename: gamerule.doEntityDrops
[19:28:20] [Render thread/WARN] (Minecraft) Missing translation key for rename: gamerule.commandBlockOutput
[19:28:20] [Render thread/WARN] (Minecraft) Missing translation key for rename: gamerule.naturalRegeneration
[19:28:20] [Render thread/WARN] (Minecraft) Missing translation key for rename: gamerule.doDaylightCycle
[19:28:20] [Render thread/WARN] (Minecraft) Missing translation key for rename: gamerule.logAdminCommands
[19:28:20] [Render thread/WARN] (Minecraft) Missing translation key for rename: gamerule.showDeathMessages
[19:28:20] [Render thread/WARN] (Minecraft) Missing translation key for rename: gamerule.randomTickSpeed
[19:28:20] [Render thread/WARN] (Minecraft) Missing translation key for rename: gamerule.sendCommandFeedback
[19:28:20] [Render thread/WARN] (Minecraft) Missing translation key for rename: gamerule.reducedDebugInfo
[19:28:20] [Render thread/WARN] (Minecraft) Missing translation key for rename: gamerule.spectatorsGenerateChunks
[19:28:20] [Render thread/WARN] (Minecraft) Missing translation key for rename: gamerule.spawnRadius
[19:28:20] [Render thread/WARN] (Minecraft) Missing translation key for rename: gamerule.maxEntityCramming
[19:28:20] [Render thread/WARN] (Minecraft) Missing translation key for rename: gamerule.doWeatherCycle
[19:28:20] [Render thread/WARN] (Minecraft) Missing translation key for rename: gamerule.doLimitedCrafting
[19:28:20] [Render thread/WARN] (Minecraft) Missing translation key for rename: gamerule.maxCommandChainLength
[19:28:20] [Render thread/WARN] (Minecraft) Missing translation key for rename: gamerule.maxCommandForkCount
[19:28:20] [Render thread/WARN] (Minecraft) Missing translation key for rename: gamerule.commandModificationBlockLimit
[19:28:20] [Render thread/WARN] (Minecraft) Missing translation key for rename: gamerule.announceAdvancements
[19:28:20] [Render thread/WARN] (Minecraft) Missing translation key for rename: gamerule.doInsomnia
[19:28:20] [Render thread/WARN] (Minecraft) Missing translation key for rename: gamerule.doImmediateRespawn
[19:28:20] [Render thread/WARN] (Minecraft) Missing translation key for rename: gamerule.playersNetherPortalDefaultDelay
[19:28:20] [Render thread/WARN] (Minecraft) Missing translation key for rename: gamerule.playersNetherPortalCreativeDelay
[19:28:20] [Render thread/WARN] (Minecraft) Missing translation key for rename: gamerule.drowningDamage
[19:28:20] [Render thread/WARN] (Minecraft) Missing translation key for rename: gamerule.fallDamage
[19:28:20] [Render thread/WARN] (Minecraft) Missing translation key for rename: gamerule.fireDamage
[19:28:20] [Render thread/WARN] (Minecraft) Missing translation key for rename: gamerule.freezeDamage
[19:28:20] [Render thread/WARN] (Minecraft) Missing translation key for rename: gamerule.doPatrolSpawning
[19:28:20] [Render thread/WARN] (Minecraft) Missing translation key for rename: gamerule.doTraderSpawning
[19:28:20] [Render thread/WARN] (Minecraft) Missing translation key for rename: gamerule.doWardenSpawning
[19:28:20] [Render thread/WARN] (Minecraft) Missing translation key for rename: gamerule.forgiveDeadPlayers
[19:28:20] [Render thread/WARN] (Minecraft) Missing translation key for rename: gamerule.universalAnger
[19:28:20] [Render thread/WARN] (Minecraft) Missing translation key for rename: gamerule.playersSleepingPercentage
[19:28:20] [Render thread/WARN] (Minecraft) Missing translation key for rename: gamerule.blockExplosionDropDecay
[19:28:20] [Render thread/WARN] (Minecraft) Missing translation key for rename: gamerule.mobExplosionDropDecay
[19:28:20] [Render thread/WARN] (Minecraft) Missing translation key for rename: gamerule.tntExplosionDropDecay
[19:28:20] [Render thread/WARN] (Minecraft) Missing translation key for rename: gamerule.snowAccumulationHeight
[19:28:20] [Render thread/WARN] (Minecraft) Missing translation key for rename: gamerule.waterSourceConversion
[19:28:20] [Render thread/WARN] (Minecraft) Missing translation key for rename: gamerule.lavaSourceConversion
[19:28:20] [Render thread/WARN] (Minecraft) Missing translation key for rename: gamerule.globalSoundEvents
[19:28:20] [Render thread/WARN] (Minecraft) Missing translation key for rename: gamerule.doVinesSpread
[19:28:20] [Render thread/WARN] (Minecraft) Missing translation key for rename: gamerule.enderPearlsVanishOnDeath
[19:28:20] [Render thread/WARN] (Minecraft) Missing translation key for rename: gamerule.minecartMaxSpeed
[19:28:20] [Render thread/WARN] (Minecraft) Missing translation key for rename: gamerule.tntExplodes
[19:28:20] [Render thread/WARN] (Minecraft) Missing translation key for rename: gamerule.locatorBar
[19:28:20] [Render thread/WARN] (Minecraft) Missing translation key for rename: gamerule.pvp
[19:28:20] [Render thread/WARN] (Minecraft) Missing translation key for rename: gamerule.allowEnteringNetherUsingPortals
[19:28:20] [Render thread/WARN] (Minecraft) Missing translation key for rename: gamerule.spawnMonsters
[19:28:20] [Render thread/WARN] (Minecraft) Missing translation key for rename: gamerule.commandBlocksEnabled
[19:28:20] [Render thread/WARN] (Minecraft) Missing translation key for rename: gamerule.spawnerBlocksEnabled
[19:28:20] [Render thread/WARN] (Minecraft) Missing translation key for rename: gamerule.allowFireTicksAwayFromPlayer.description
[19:28:20] [Render thread/WARN] (Minecraft) Missing translation key for rename: gamerule.doMobSpawning.description
[19:28:20] [Render thread/WARN] (Minecraft) Missing translation key for rename: gamerule.doMobLoot.description
[19:28:20] [Render thread/WARN] (Minecraft) Missing translation key for rename: gamerule.projectilesCanBreakBlocks.description
[19:28:20] [Render thread/WARN] (Minecraft) Missing translation key for rename: gamerule.doTileDrops.description
[19:28:20] [Render thread/WARN] (Minecraft) Missing translation key for rename: gamerule.doEntityDrops.description
[19:28:20] [Render thread/WARN] (Minecraft) Missing translation key for rename: gamerule.reducedDebugInfo.description
[19:28:20] [Render thread/WARN] (Minecraft) Missing translation key for rename: gamerule.spawnRadius.description
[19:28:20] [Render thread/WARN] (Minecraft) Missing translation key for rename: gamerule.doLimitedCrafting.description
[19:28:20] [Render thread/WARN] (Minecraft) Missing translation key for rename: gamerule.maxCommandChainLength.description
[19:28:20] [Render thread/WARN] (Minecraft) Missing translation key for rename: gamerule.maxCommandForkCount.description
[19:28:20] [Render thread/WARN] (Minecraft) Missing translation key for rename: gamerule.commandModificationBlockLimit.description
[19:28:20] [Render thread/WARN] (Minecraft) Missing translation key for rename: gamerule.playersNetherPortalDefaultDelay.description
[19:28:20] [Render thread/WARN] (Minecraft) Missing translation key for rename: gamerule.playersNetherPortalCreativeDelay.description
[19:28:20] [Render thread/WARN] (Minecraft) Missing translation key for rename: gamerule.forgiveDeadPlayers.description
[19:28:20] [Render thread/WARN] (Minecraft) Missing translation key for rename: gamerule.playersSleepingPercentage.description
[19:28:20] [Render thread/WARN] (Minecraft) Missing translation key for rename: gamerule.blockExplosionDropDecay.description
[19:28:20] [Render thread/WARN] (Minecraft) Missing translation key for rename: gamerule.mobExplosionDropDecay.description
[19:28:20] [Render thread/WARN] (Minecraft) Missing translation key for rename: gamerule.tntExplosionDropDecay.description
[19:28:20] [Render thread/WARN] (Minecraft) Missing translation key for rename: gamerule.snowAccumulationHeight.description
[19:28:20] [Render thread/WARN] (Minecraft) Missing translation key for rename: gamerule.waterSourceConversion.description
[19:28:20] [Render thread/WARN] (Minecraft) Missing translation key for rename: gamerule.lavaSourceConversion.description
[19:28:20] [Render thread/WARN] (Minecraft) Missing translation key for rename: gamerule.globalSoundEvents.description
[19:28:20] [Render thread/WARN] (Minecraft) Missing translation key for rename: gamerule.doVinesSpread.description
[19:28:20] [Render thread/WARN] (Minecraft) Missing translation key for rename: gamerule.enderPearlsVanishOnDeath.description
[19:28:20] [Render thread/WARN] (Minecraft) Missing translation key for rename: gamerule.minecartMaxSpeed.description
[19:28:20] [Render thread/WARN] (Minecraft) Missing translation key for rename: gamerule.locatorBar.description
[19:28:20] [Render thread/WARN] (Minecraft) Missing translation key for rename: gamerule.pvp.description
[19:28:20] [Render thread/WARN] (Minecraft) Missing translation key for rename: gamerule.allowEnteringNetherUsingPortals.description
[19:28:20] [Render thread/WARN] (Minecraft) Missing translation key for rename: gamerule.spawnMonsters.description
[19:28:20] [Render thread/WARN] (Minecraft) Missing translation key for rename: gamerule.category.chat
[19:28:20] [Render thread/WARN] (Minecraft) Missing translation key for rename: gamerule.category.drops
[19:28:20] [Render thread/WARN] (Minecraft) Missing translation key for rename: gamerule.category.misc
[19:28:20] [Render thread/WARN] (Minecraft) Missing translation key for rename: gamerule.category.mobs
[19:28:20] [Render thread/WARN] (Minecraft) Missing translation key for rename: gamerule.category.player
[19:28:20] [Render thread/WARN] (Minecraft) Missing translation key for rename: gamerule.category.spawning
[19:28:20] [Render thread/WARN] (Minecraft) Missing translation key for rename: gamerule.category.updates
[19:28:20] [Render thread/WARN] (Minecraft) Missing translation key for rename: selecteWorld.backupRequiredTooltip
[19:28:20] [Render thread/WARN] (Minecraft) Missing translation key for rename: subtitles.entity.baby_chicken.hurts
[19:28:20] [Render thread/INFO] (Minecraft) Reloading ResourceManager: vanilla, fabric-api, fabric-api-base, fabric-api-lookup-api-v1, fabric-biome-api-v1, fabric-block-api-v1, fabric-block-getter-api-v2, fabric-client-gametest-api-v1, fabric-command-api-v2, fabric-content-registries-v0, fabric-convention-tags-v2, fabric-crash-report-info-v1, fabric-creative-tab-api-v1, fabric-data-attachment-api-v1, fabric-data-generation-api-v1, fabric-debug-api-v1, fabric-dimensions-v1, fabric-entity-events-v1, fabric-events-interaction-v0, fabric-game-rule-api-v1, fabric-gametest-api-v1, fabric-item-api-v1, fabric-key-mapping-api-v1, fabric-lifecycle-events-v1, fabric-loot-api-v3, fabric-menu-api-v1, fabric-message-api-v1, fabric-model-loading-api-v1, fabric-networking-api-v1, fabric-object-builder-api-v1, fabric-particles-v1, fabric-permission-api-v1, fabric-recipe-api-v1, fabric-registry-sync-v0, fabric-renderer-api-v1, fabric-renderer-indigo, fabric-rendering-fluids-v1, fabric-rendering-v1, fabric-resource-conditions-api-v1, fabric-resource-loader-v0, fabric-resource-loader-v1, fabric-screen-api-v1, fabric-serialization-api-v1, fabric-sound-api-v1, fabric-tag-api-v1, fabric-transfer-api-v1, fabric-transitive-access-wideners-v1, fabricloader, polymer-core, polymer-resource-pack, tougherthannails
[19:28:20] [Render thread/ERROR] (ModNioPackResources) Invalid path in mod resource-pack tougherthannails: minecraft:font/default - Copy.txt, ignoring
[19:28:22] [Worker-Main-4/INFO] (Minecraft) Found unifont_all_no_pua-17.0.01.hex, loading
[19:28:22] [Worker-Main-6/INFO] (Minecraft) Found unifont_pua-17.0.01.hex, loading
[19:28:23] [Worker-Main-4/INFO] (Minecraft) Found unifont_jp_patch-17.0.01.hex, loading
[19:28:25] [Render thread/INFO] (Minecraft) OpenAL initialized on device Tiger Lake-LP Smart Sound Technology Audio Controller Headphones
[19:28:25] [Render thread/INFO] (Minecraft) Sound engine started
[19:28:25] [Render thread/INFO] (Minecraft) Created: 512x256x0 minecraft:textures/atlas/particles.png-atlas
[19:28:25] [Render thread/INFO] (Minecraft) Created: 128x128x0 minecraft:textures/atlas/decorated_pot.png-atlas
[19:28:25] [Render thread/INFO] (Minecraft) Created: 2048x1024x0 minecraft:textures/atlas/armor_trims.png-atlas
[19:28:25] [Render thread/INFO] (Minecraft) Created: 512x256x0 minecraft:textures/atlas/paintings.png-atlas
[19:28:25] [Render thread/INFO] (Minecraft) Created: 1024x512x0 minecraft:textures/atlas/shield_patterns.png-atlas
[19:28:25] [Render thread/INFO] (Minecraft) Created: 2048x2048x4 minecraft:textures/atlas/blocks.png-atlas
[19:28:25] [Render thread/INFO] (Minecraft) Created: 512x512x0 minecraft:textures/atlas/chest.png-atlas
[19:28:25] [Render thread/INFO] (Minecraft) Created: 256x128x0 minecraft:textures/atlas/celestials.png-atlas
[19:28:25] [Render thread/INFO] (Minecraft) Created: 1024x512x0 minecraft:textures/atlas/banner_patterns.png-atlas
[19:28:25] [Render thread/INFO] (Minecraft) Created: 512x512x0 minecraft:textures/atlas/beds.png-atlas
[19:28:25] [Render thread/INFO] (Minecraft) Created: 1024x512x0 minecraft:textures/atlas/items.png-atlas
[19:28:25] [Render thread/INFO] (Minecraft) Created: 1024x1024x0 minecraft:textures/atlas/gui.png-atlas
[19:28:25] [Render thread/INFO] (Minecraft) Created: 128x64x0 minecraft:textures/atlas/map_decorations.png-atlas
[19:28:25] [Render thread/INFO] (Minecraft) Created: 512x256x0 minecraft:textures/atlas/signs.png-atlas
[19:28:25] [Render thread/INFO] (Minecraft) Created: 512x512x0 minecraft:textures/atlas/shulker_boxes.png-atlas
[19:28:26] [IO-Worker-1/INFO] (Minecraft) Could not authorize you against Realms server: java.lang.RuntimeException: Failed to parse into SignedJWT: FabricMC
[19:28:26] [IO-Worker-1/ERROR] (Minecraft) Couldn't connect to realms
com.mojang.realmsclient.exception.RealmsServiceException: Realms authentication error with message 'java.lang.RuntimeException: Failed to parse into SignedJWT: FabricMC'
	at knot//com.mojang.realmsclient.client.RealmsClient.execute(RealmsClient.java:509)
	at knot//com.mojang.realmsclient.client.RealmsClient.clientCompatible(RealmsClient.java:282)
	at knot//com.mojang.realmsclient.RealmsAvailability.lambda$check$0(RealmsAvailability.java:50)
	at java.base/java.util.concurrent.CompletableFuture$AsyncSupply.run(CompletableFuture.java:1789)
	at java.base/java.util.concurrent.ThreadPoolExecutor.runWorker(ThreadPoolExecutor.java:1090)
	at java.base/java.util.concurrent.ThreadPoolExecutor$Worker.run(ThreadPoolExecutor.java:614)
	at java.base/java.lang.Thread.run(Thread.java:1474)
[19:28:28] [Render thread/ERROR] (Minecraft) ########## GL ERROR ##########
[19:28:28] [Render thread/ERROR] (Minecraft) @ Render
[19:28:28] [Render thread/ERROR] (Minecraft) 65547: X11: Standard cursor shape unavailable
[19:28:31] [Render thread/INFO] (Minecraft) Loaded 1515 recipes
[19:28:31] [Render thread/INFO] (Minecraft) Loaded 1617 advancements
[19:28:31] [Render thread/INFO] (BiomeModificationImpl) Applied 0 biome modifications to 0 of 65 new biomes in 2.453 ms
[19:28:31] [IO-Worker-1/INFO] (Minecraft) [Polymer] Starting resource pack generation...
[19:28:31] [Server thread/INFO] (Minecraft) Starting integrated minecraft server version 26.1.2
[19:28:31] [Server thread/INFO] (Minecraft) Generating keypair
[19:28:32] [Server thread/INFO] (Minecraft) Loading 0 persistent chunks...
[19:28:32] [Server thread/INFO] (Minecraft) Preparing spawn area: 16%
[19:28:32] [Server thread/INFO] (Minecraft) [Polymer] Resource pack created successfully! You can find it in game folder as polymer/resource_pack.zip
[19:28:32] [Server thread/INFO] (Minecraft) Saving chunks for level 'ServerLevel[New World]'/minecraft:overworld
[19:28:32] [Server thread/INFO] (Minecraft) Saving chunks for level 'ServerLevel[New World]'/minecraft:the_nether
[19:28:32] [Server thread/INFO] (Minecraft) Saving chunks for level 'ServerLevel[New World]'/minecraft:the_end
[19:28:32] [Server thread/INFO] (Minecraft) ThreadedAnvilChunkStorage (world): All chunks are saved
[19:28:32] [Server thread/INFO] (Minecraft) ThreadedAnvilChunkStorage (DIM-1): All chunks are saved
[19:28:32] [Server thread/INFO] (Minecraft) ThreadedAnvilChunkStorage (DIM1): All chunks are saved
[19:28:32] [Server thread/INFO] (Minecraft) ThreadedAnvilChunkStorage: All dimensions are saved
[19:28:35] [Server thread/INFO] (Minecraft) Loading 49 chunks for player spawn...
[19:28:35] [Server thread/INFO] (Minecraft) Preparing spawn area: 16%
[19:28:35] [Server thread/INFO] (Minecraft) Preparing spawn area: 16%
[19:28:35] [Server thread/INFO] (Minecraft) Preparing spawn area: 16%
[19:28:35] [Server thread/INFO] (Minecraft) Preparing spawn area: 16%
[19:28:35] [Server thread/INFO] (Minecraft) Preparing spawn area: 16%
[19:28:35] [Server thread/INFO] (Minecraft) Preparing spawn area: 16%
[19:28:36] [Server thread/INFO] (Minecraft) Preparing spawn area: 16%
[19:28:36] [Server thread/INFO] (Minecraft) Preparing spawn area: 16%
[19:28:36] [Server thread/INFO] (Minecraft) Time elapsed: 4284 ms
[19:28:37] [Server thread/INFO] (Minecraft) Player876[local:E:5440843c] logged in with entity id 107 at (55.59061112085158, 68.0, -75.58227238639053)
[19:28:37] [Server thread/INFO] (Polymer) Full sync for Player876 took 150.0 ms
[19:28:37] [Server thread/INFO] (Minecraft) Player876 joined the game
[19:28:37] [Server thread/INFO] (Minecraft) Changing view distance to 2, from 10
[19:28:37] [Server thread/INFO] (Minecraft) Changing simulation distance to 5, from 0
[19:28:37] [Render thread/INFO] (Minecraft) Loaded 2 advancements
[19:28:38] [Render thread/INFO] (Minecraft) Resizing Dynamic Transforms UBO, capacity limit of 2 reached during a single frame. New capacity will be 4.
[19:28:38] [Render thread/INFO] (Minecraft) Resizing Dynamic Transforms UBO, capacity limit of 4 reached during a single frame. New capacity will be 8.
[19:28:38] [Render thread/INFO] (Minecraft) Resizing Chunk Sections UBO, capacity limit of 2 reached during a single frame. New capacity will be 4.
[19:28:38] [Render thread/INFO] (Minecraft) Resizing Chunk Sections UBO, capacity limit of 4 reached during a single frame. New capacity will be 8.
[19:28:38] [Render thread/INFO] (Minecraft) Resizing Chunk Sections UBO, capacity limit of 8 reached during a single frame. New capacity will be 16.
[19:28:39] [Server thread/INFO] (Minecraft) Saving and pausing game...
[19:28:39] [Server thread/INFO] (Minecraft) Saving chunks for level 'ServerLevel[New World]'/minecraft:overworld
[19:28:39] [Render thread/INFO] (Minecraft) Resizing Chunk Sections UBO, capacity limit of 16 reached during a single frame. New capacity will be 32.
[19:28:39] [Server thread/INFO] (Minecraft) Saving chunks for level 'ServerLevel[New World]'/minecraft:the_nether
[19:28:39] [Server thread/INFO] (Minecraft) Saving chunks for level 'ServerLevel[New World]'/minecraft:the_end
[19:28:42] [Render thread/INFO] (Minecraft) Resizing Chunk Sections UBO, capacity limit of 32 reached during a single frame. New capacity will be 64.
[19:28:52] [Server thread/INFO] (Minecraft) Saving and pausing game...
[19:28:52] [Server thread/INFO] (Minecraft) Saving chunks for level 'ServerLevel[New World]'/minecraft:overworld
[19:28:52] [Server thread/INFO] (Minecraft) Saving chunks for level 'ServerLevel[New World]'/minecraft:the_nether
[19:28:52] [Server thread/INFO] (Minecraft) Saving chunks for level 'ServerLevel[New World]'/minecraft:the_end
[19:28:58] [Server thread/INFO] (Minecraft) Saving and pausing game...
[19:28:58] [Server thread/INFO] (Minecraft) Saving chunks for level 'ServerLevel[New World]'/minecraft:overworld
[19:28:58] [Server thread/INFO] (Minecraft) Saving chunks for level 'ServerLevel[New World]'/minecraft:the_nether
[19:28:58] [Server thread/INFO] (Minecraft) Saving chunks for level 'ServerLevel[New World]'/minecraft:the_end
[19:29:03] [Server thread/INFO] (Minecraft) Saving and pausing game...
[19:29:03] [Server thread/INFO] (Minecraft) Saving chunks for level 'ServerLevel[New World]'/minecraft:overworld
[19:29:03] [Server thread/INFO] (Minecraft) Saving chunks for level 'ServerLevel[New World]'/minecraft:the_nether
[19:29:03] [Server thread/INFO] (Minecraft) Saving chunks for level 'ServerLevel[New World]'/minecraft:the_end
[19:29:06] [Render thread/INFO] (Minecraft) Loaded 3 advancements
[19:29:53] [Server thread/INFO] (Minecraft) Saving and pausing game...
[19:29:53] [Server thread/INFO] (Minecraft) Saving chunks for level 'ServerLevel[New World]'/minecraft:overworld
[19:29:53] [Server thread/INFO] (Minecraft) Saving chunks for level 'ServerLevel[New World]'/minecraft:the_nether
[19:29:53] [Server thread/INFO] (Minecraft) Saving chunks for level 'ServerLevel[New World]'/minecraft:the_end
[19:29:54] [Server thread/INFO] (Minecraft) Stopping server
[19:29:54] [Server thread/INFO] (Minecraft) Saving players
[19:29:54] [Server thread/INFO] (Minecraft) Player876 lost connection: Disconnected
[19:29:54] [Server thread/INFO] (Minecraft) Player876 left the game
[19:29:54] [Server thread/INFO] (Minecraft) Stopping singleplayer server as player logged out
[19:29:54] [Server thread/INFO] (Minecraft) Saving worlds
[19:29:54] [Server thread/INFO] (Minecraft) Saving chunks for level 'ServerLevel[New World]'/minecraft:overworld
[19:29:54] [Server thread/INFO] (Minecraft) Saving chunks for level 'ServerLevel[New World]'/minecraft:the_nether
[19:29:54] [Server thread/INFO] (Minecraft) Saving chunks for level 'ServerLevel[New World]'/minecraft:the_end
[19:29:54] [Server thread/INFO] (Minecraft) ThreadedAnvilChunkStorage (world): All chunks are saved
[19:29:54] [Server thread/INFO] (Minecraft) ThreadedAnvilChunkStorage (DIM-1): All chunks are saved
[19:29:54] [Server thread/INFO] (Minecraft) ThreadedAnvilChunkStorage (DIM1): All chunks are saved
[19:29:54] [Server thread/INFO] (Minecraft) ThreadedAnvilChunkStorage: All dimensions are saved
[19:29:55] [Render thread/INFO] (Minecraft) Stopping!
